// Jest Snapshot v1, https://goo.gl/fbAQLP

exports[`Text Input Component Tests Shallow TextInputComponent Snapshot 1`] = `
<input
  onChange={[Function]}
  required={true}
/>
`;
